// Jest Snapshot v1, https://goo.gl/fbAQLP

exports[`App goTo should create an action to navigate with react-router 1`] = `
Array [
  Object {
    "action": "PUSH",
    "location": Object {
      "pathname": "/destination",
      "search": undefined,
      "state": undefined,
    },
    "type": "@@router/LOCATION_CHANGE",
  },
]
`;

exports[`App hideAlert should return an action 1`] = `
Object {
  "type": "HIDE_ALERT",
}
`;

exports[`App showAlert should return an action 1`] = `
Object {
  "message": "Alright!",
  "status": "success",
  "type": "SHOW_ALERT",
  "withTimeout": false,
}
`;
