// Jest Snapshot v1, https://goo.gl/fbAQLP

exports[`Constants:ActionTypes should match the snapshot 1`] = `
Object {
  "HIDE_ALERT": "HIDE_ALERT",
  "SHOW_ALERT": "SHOW_ALERT",
}
`;

exports[`Constants:XHR should match the snapshot 1`] = `
Object {
  "FAIL": "FAIL",
  "SUCCESS": "SUCCESS",
}
`;
