// Jest Snapshot v1, https://goo.gl/fbAQLP

exports[`Home should render properly 1`] = `"<div><a href=\\"/configuracao-catalogo\\">Home Page</a></div>"`;
